// Jest Snapshot v1, https://goo.gl/fbAQLP

exports[`Testing the PlayerPage component expect PlayerPage to match snapshot 1`] = `ShallowWrapper {}`;
