// Jest Snapshot v1, https://goo.gl/fbAQLP

exports[`Testing the CPUPage component expect CPUPage to match snapshot 1`] = `ShallowWrapper {}`;
