// Jest Snapshot v1, https://goo.gl/fbAQLP

exports[`Testing the PlayerChoices component expect PlayerChoices to match snapshot 1`] = `ShallowWrapper {}`;
