// Jest Snapshot v1, https://goo.gl/fbAQLP

exports[`Testing the App component expect MenuPage to match snapshot 1`] = `ShallowWrapper {}`;
